Tree:
1
 \
  2
   \
    3
     \
      4
       \
        5
         \
          6
           \
            7
             \
              8
               \
                9
                 \
                 10
                   \
                   11
                     \
                     12
                       \
                       13

#nodes = 13,  #leaves = 1
Infix  : 1 2 3 4 5 6 7 8 9 10 11 12 13 
Prefix : 1 2 3 4 5 6 7 8 9 10 11 12 13 
Postfix: 13 12 11 10 9 8 7 6 5 4 3 2 1 
ByLevel: 1 2 3 4 5 6 7 8 9 10 11 12 13 
